
===========================================================================
 report_power
============================================================================
======================= nom_tt_025C_1v80 Corner ===================================

Group                    Internal    Switching      Leakage        Total
                            Power        Power        Power        Power (Watts)
------------------------------------------------------------------------
Sequential           8.663528e-04 3.350266e-04 1.115591e-09 1.201381e-03  12.6%
Combinational        3.536321e-03 4.217025e-03 4.980924e-09 7.753352e-03  81.1%
Clock                3.683218e-04 2.337497e-04 2.761959e-09 6.020742e-04   6.3%
Macro                0.000000e+00 0.000000e+00 0.000000e+00 0.000000e+00   0.0%
Pad                  0.000000e+00 0.000000e+00 0.000000e+00 0.000000e+00   0.0%
------------------------------------------------------------------------
Total                4.770993e-03 4.785802e-03 8.858558e-09 9.556804e-03 100.0%
                            49.9%        50.1%         0.0%

