                                                                     Buffers by Cell Master                                                                     
┏━━━━━━━━━━━━━━━━━━━━━━━━━━━━━━━━━━━━━━━━━━━━━━━━━━━━━━━━━━━━━━━━━━━━━━━━━━━━━━━━━━━━━━━━━━━━━━━━━━━━━━━━━━━━━━━━━━━━━━━━━━━━━━┳━━━━━━━━━━━━━━━━━━━━━━━━━━━━━━━┓
┃ Buffer                                                                                                                       ┃ Count                         ┃
┡━━━━━━━━━━━━━━━━━━━━━━━━━━━━━━━━━━━━━━━━━━━━━━━━━━━━━━━━━━━━━━━━━━━━━━━━━━━━━━━━━━━━━━━━━━━━━━━━━━━━━━━━━━━━━━━━━━━━━━━━━━━━━━╇━━━━━━━━━━━━━━━━━━━━━━━━━━━━━━━┩
│ sky130_fd_sc_hd__buf_1                                                                                                       │ 13                            │
│ sky130_fd_sc_hd__buf_2                                                                                                       │ 17                            │
│ sky130_fd_sc_hd__buf_4                                                                                                       │ 73                            │
│ sky130_fd_sc_hd__clkbuf_1                                                                                                    │ 109                           │
│ sky130_fd_sc_hd__clkbuf_16                                                                                                   │ 1                             │
│ sky130_fd_sc_hd__clkbuf_2                                                                                                    │ 7                             │
│ sky130_fd_sc_hd__clkbuf_4                                                                                                    │ 38                            │
│ sky130_fd_sc_hd__clkbuf_8                                                                                                    │ 17                            │
└──────────────────────────────────────────────────────────────────────────────────────────────────────────────────────────────┴───────────────────────────────┘
