                                                                       Cells by Function                                                                        
┏━━━━━━━━━━━━━━━━━━━━━━━━━━━━━━━━━━━━━━━━━━━━━━━━━━━━━━━━━━━━━━━━━━━━━━━━━━━━━━━━━━━━━━━━━━━━━━━━━━━━━━━━━━━━━━━━━━━━━━━━━━━━━━━━┳━━━━━━━━━━━━━━━━━━━━━━━━━━━━━┓
┃ Cell Function                                                                                                                  ┃ Count                       ┃
┡━━━━━━━━━━━━━━━━━━━━━━━━━━━━━━━━━━━━━━━━━━━━━━━━━━━━━━━━━━━━━━━━━━━━━━━━━━━━━━━━━━━━━━━━━━━━━━━━━━━━━━━━━━━━━━━━━━━━━━━━━━━━━━━━╇━━━━━━━━━━━━━━━━━━━━━━━━━━━━━┩
│ sky130_ef_sc_hd__decap                                                                                                         │ 432                         │
│ sky130_fd_sc_hd__a2111o                                                                                                        │ 1                           │
│ sky130_fd_sc_hd__a211o                                                                                                         │ 20                          │
│ sky130_fd_sc_hd__a211oi                                                                                                        │ 3                           │
│ sky130_fd_sc_hd__a21bo                                                                                                         │ 5                           │
│ sky130_fd_sc_hd__a21boi                                                                                                        │ 13                          │
│ sky130_fd_sc_hd__a21o                                                                                                          │ 48                          │
│ sky130_fd_sc_hd__a21oi                                                                                                         │ 35                          │
│ sky130_fd_sc_hd__a221o                                                                                                         │ 12                          │
│ sky130_fd_sc_hd__a22o                                                                                                          │ 9                           │
│ sky130_fd_sc_hd__a2bb2o                                                                                                        │ 7                           │
│ sky130_fd_sc_hd__a311o                                                                                                         │ 3                           │
│ sky130_fd_sc_hd__a311oi                                                                                                        │ 1                           │
│ sky130_fd_sc_hd__a31o                                                                                                          │ 31                          │
│ sky130_fd_sc_hd__a31oi                                                                                                         │ 2                           │
│ sky130_fd_sc_hd__a32o                                                                                                          │ 6                           │
│ sky130_fd_sc_hd__a32oi                                                                                                         │ 1                           │
│ sky130_fd_sc_hd__and2                                                                                                          │ 30                          │
│ sky130_fd_sc_hd__and2b                                                                                                         │ 3                           │
│ sky130_fd_sc_hd__and3                                                                                                          │ 19                          │
│ sky130_fd_sc_hd__and3b                                                                                                         │ 20                          │
│ sky130_fd_sc_hd__and4                                                                                                          │ 1                           │
│ sky130_fd_sc_hd__and4b                                                                                                         │ 1                           │
│ sky130_fd_sc_hd__and4bb                                                                                                        │ 1                           │
│ sky130_fd_sc_hd__buf                                                                                                           │ 103                         │
│ sky130_fd_sc_hd__bufinv                                                                                                        │ 7                           │
│ sky130_fd_sc_hd__clkbuf                                                                                                        │ 172                         │
│ sky130_fd_sc_hd__clkinv                                                                                                        │ 3                           │
│ sky130_fd_sc_hd__clkinvlp                                                                                                      │ 3                           │
│ sky130_fd_sc_hd__decap                                                                                                         │ 775                         │
│ sky130_fd_sc_hd__dfrtp                                                                                                         │ 9                           │
│ sky130_fd_sc_hd__dfxtp                                                                                                         │ 120                         │
│ sky130_fd_sc_hd__diode                                                                                                         │ 5                           │
│ sky130_fd_sc_hd__fill                                                                                                          │ 659                         │
│ sky130_fd_sc_hd__inv                                                                                                           │ 8                           │
│ sky130_fd_sc_hd__mux2                                                                                                          │ 385                         │
│ sky130_fd_sc_hd__nand2                                                                                                         │ 51                          │
│ sky130_fd_sc_hd__nand2b                                                                                                        │ 2                           │
│ sky130_fd_sc_hd__nand3                                                                                                         │ 3                           │
│ sky130_fd_sc_hd__nand3b                                                                                                        │ 3                           │
│ sky130_fd_sc_hd__nor2                                                                                                          │ 67                          │
│ sky130_fd_sc_hd__nor3                                                                                                          │ 7                           │
│ sky130_fd_sc_hd__nor3b                                                                                                         │ 1                           │
│ sky130_fd_sc_hd__nor4                                                                                                          │ 1                           │
│ sky130_fd_sc_hd__o2111a                                                                                                        │ 1                           │
│ sky130_fd_sc_hd__o211a                                                                                                         │ 22                          │
│ sky130_fd_sc_hd__o211ai                                                                                                        │ 8                           │
│ sky130_fd_sc_hd__o21a                                                                                                          │ 14                          │
│ sky130_fd_sc_hd__o21ai                                                                                                         │ 20                          │
│ sky130_fd_sc_hd__o21ba                                                                                                         │ 3                           │
│ sky130_fd_sc_hd__o221a                                                                                                         │ 5                           │
│ sky130_fd_sc_hd__o221ai                                                                                                        │ 1                           │
│ sky130_fd_sc_hd__o22a                                                                                                          │ 10                          │
│ sky130_fd_sc_hd__o22ai                                                                                                         │ 4                           │
│ sky130_fd_sc_hd__o2bb2a                                                                                                        │ 2                           │
│ sky130_fd_sc_hd__o2bb2ai                                                                                                       │ 2                           │
│ sky130_fd_sc_hd__o311a                                                                                                         │ 11                          │
│ sky130_fd_sc_hd__o31a                                                                                                          │ 13                          │
│ sky130_fd_sc_hd__o31ai                                                                                                         │ 3                           │
│ sky130_fd_sc_hd__o32a                                                                                                          │ 5                           │
│ sky130_fd_sc_hd__o41a                                                                                                          │ 1                           │
│ sky130_fd_sc_hd__or2                                                                                                           │ 29                          │
│ sky130_fd_sc_hd__or3                                                                                                           │ 32                          │
│ sky130_fd_sc_hd__or3b                                                                                                          │ 9                           │
│ sky130_fd_sc_hd__or4                                                                                                           │ 7                           │
│ sky130_fd_sc_hd__or4b                                                                                                          │ 2                           │
│ sky130_fd_sc_hd__tapvpwrvgnd                                                                                                   │ 378                         │
│ sky130_fd_sc_hd__xnor2                                                                                                         │ 59                          │
│ sky130_fd_sc_hd__xor2                                                                                                          │ 45                          │
└────────────────────────────────────────────────────────────────────────────────────────────────────────────────────────────────┴─────────────────────────────┘
