Clock: clk
Sources: clk 
Generated: no
Virtual: yes
Propagated: no
Period: 10.000000

===========================================================================
report_clock_properties
============================================================================
Clock                   Period          Waveform
----------------------------------------------------
clk                  10.000000    0.000000  5.000000

===========================================================================
report_clock_latency
============================================================================
Clock clk
rise -> rise
    min     max
0.000000 0.000000 source latency
0.260221         network latency _2284_/CLK
        0.274861 network latency _2255_/CLK
---------------
0.260221 0.274861 latency
        0.014640 skew

fall -> fall
    min     max
0.000000 0.000000 source latency
0.251966         network latency _2284_/CLK
        0.263795 network latency _2255_/CLK
---------------
0.251966 0.263795 latency
        0.011830 skew



===========================================================================
report_clock_min_period
============================================================================
clk period_min = 2.86 fmax = 349.63
