
===========================================================================
 report_power
============================================================================
======================= nom_ff_n40C_1v95 Corner ===================================

Group                    Internal    Switching      Leakage        Total
                            Power        Power        Power        Power (Watts)
------------------------------------------------------------------------
Sequential           9.960894e-04 3.978160e-04 1.967239e-09 1.393907e-03  12.7%
Combinational        3.849308e-03 5.004793e-03 8.395014e-09 8.854109e-03  80.9%
Clock                4.201858e-04 2.781756e-04 4.206557e-09 6.983656e-04   6.4%
Macro                0.000000e+00 0.000000e+00 0.000000e+00 0.000000e+00   0.0%
Pad                  0.000000e+00 0.000000e+00 0.000000e+00 0.000000e+00   0.0%
------------------------------------------------------------------------
Total                5.265580e-03 5.680783e-03 1.456874e-08 1.094638e-02 100.0%
                            48.1%        51.9%         0.0%

