
===========================================================================
 report_power
============================================================================
======================= nom_ff_n40C_1v95 Corner ===================================

Group                    Internal    Switching      Leakage        Total
                            Power        Power        Power        Power (Watts)
------------------------------------------------------------------------
Sequential           1.062754e-03 8.293210e-04 2.281565e-09 1.892077e-03  19.9%
Combinational        4.411099e-03 3.199648e-03 8.606444e-09 7.610755e-03  80.1%
Clock                0.000000e+00 0.000000e+00 0.000000e+00 0.000000e+00   0.0%
Macro                0.000000e+00 0.000000e+00 0.000000e+00 0.000000e+00   0.0%
Pad                  0.000000e+00 0.000000e+00 0.000000e+00 0.000000e+00   0.0%
------------------------------------------------------------------------
Total                5.473856e-03 4.028967e-03 1.088801e-08 9.502834e-03 100.0%
                            57.6%        42.4%         0.0%

