
===========================================================================
 report_power
============================================================================
======================= nom_ss_100C_1v60 Corner ===================================

Group                    Internal    Switching      Leakage        Total
                            Power        Power        Power        Power (Watts)
------------------------------------------------------------------------
Sequential           7.410679e-04 5.523007e-04 2.019129e-06 1.295388e-03  19.5%
Combinational        3.232666e-03 2.092685e-03 6.061493e-06 5.331412e-03  80.5%
Clock                0.000000e+00 0.000000e+00 0.000000e+00 0.000000e+00   0.0%
Macro                0.000000e+00 0.000000e+00 0.000000e+00 0.000000e+00   0.0%
Pad                  0.000000e+00 0.000000e+00 0.000000e+00 0.000000e+00   0.0%
------------------------------------------------------------------------
Total                3.973736e-03 2.644986e-03 8.080634e-06 6.626803e-03 100.0%
                            60.0%        39.9%         0.1%

