
===========================================================================
report_checks -unconstrained
===========================================================================
======================= nom_tt_025C_1v80 Corner ===================================

Startpoint: rst_n (input port clocked by clk)
Endpoint: _2247_ (recovery check against rising-edge clock clk)
Path Group: asynchronous
Path Type: max

Fanout         Cap        Slew       Delay        Time   Description
---------------------------------------------------------------------------------------------
                                  0.000000    0.000000   clock clk (rise edge)
                                  0.000000    0.000000   clock network delay (propagated)
                                  2.000000    2.000000 ^ input external delay
     9    0.039142    0.180489    0.125239    2.125239 ^ rst_n (in)
                                                         rst_n (net)
                      0.180490    0.000000    2.125239 ^ _2247_/RESET_B (sky130_fd_sc_hd__dfrtp_2)
                                              2.125239   data arrival time

                                 10.000000   10.000000   clock clk (rise edge)
                                  0.000000   10.000000   clock source latency
   129    0.354419    0.000000    0.000000   10.000000 ^ clk (in)
                                                         clk (net)
                      0.016271    0.008136   10.008136 ^ _2247_/CLK (sky130_fd_sc_hd__dfrtp_2)
                                  0.000000   10.008136   clock reconvergence pessimism
                                  0.169738   10.177874   library recovery time
                                             10.177874   data required time
---------------------------------------------------------------------------------------------
                                             10.177874   data required time
                                             -2.125239   data arrival time
---------------------------------------------------------------------------------------------
                                              8.052635   slack (MET)


Startpoint: _2255_ (rising edge-triggered flip-flop clocked by clk)
Endpoint: _2236_ (rising edge-triggered flip-flop clocked by clk)
Path Group: clk
Path Type: max

Fanout         Cap        Slew       Delay        Time   Description
---------------------------------------------------------------------------------------------
                                  0.000000    0.000000   clock clk (rise edge)
                                  0.000000    0.000000   clock source latency
   129    0.354419    0.000000    0.000000    0.000000 ^ clk (in)
                                                         clk (net)
                      0.017739    0.008869    0.008869 ^ _2255_/CLK (sky130_fd_sc_hd__dfrtp_2)
     5    0.024512    0.089542    0.436141    0.445010 v _2255_/Q (sky130_fd_sc_hd__dfrtp_2)
                                                         rcounter[3] (net)
                      0.089542    0.000069    0.445079 v _1112_/B (sky130_fd_sc_hd__or3_2)
    18    0.073794    0.248537    0.679871    1.124949 v _1112_/X (sky130_fd_sc_hd__or3_2)
                                                         _0512_ (net)
                      0.248594    0.003748    1.128697 v _1115_/A (sky130_fd_sc_hd__nor2_2)
    43    0.207220    2.136106    1.669690    2.798387 ^ _1115_/Y (sky130_fd_sc_hd__nor2_2)
                                                         _0515_ (net)
                      2.136109    0.002250    2.800637 ^ _1317_/S (sky130_fd_sc_hd__mux2_1)
     5    0.047403    0.245703    0.597675    3.398312 v _1317_/X (sky130_fd_sc_hd__mux2_1)
                                                         _0714_ (net)
                      0.245735    0.002797    3.401109 v _1319_/B (sky130_fd_sc_hd__xnor2_2)
    13    0.057502    0.718375    0.641198    4.042307 ^ _1319_/Y (sky130_fd_sc_hd__xnor2_2)
                                                         _0716_ (net)
                      0.718375    0.000365    4.042672 ^ _1350_/B1 (sky130_fd_sc_hd__a21oi_2)
     4    0.013156    0.150746    0.115517    4.158189 v _1350_/Y (sky130_fd_sc_hd__a21oi_2)
                                                         _0747_ (net)
                      0.150746    0.000088    4.158277 v _1739_/B (sky130_fd_sc_hd__and3_2)
     1    0.001855    0.034912    0.230286    4.388564 v _1739_/X (sky130_fd_sc_hd__and3_2)
                                                         _0139_ (net)
                      0.034912    0.000004    4.388567 v _1741_/B (sky130_fd_sc_hd__or4b_2)
     1    0.002706    0.098657    0.618927    5.007493 v _1741_/X (sky130_fd_sc_hd__or4b_2)
                                                         _0141_ (net)
                      0.098657    0.000007    5.007500 v _1747_/A1 (sky130_fd_sc_hd__a32o_2)
     1    0.010070    0.057273    0.281498    5.288999 v _1747_/X (sky130_fd_sc_hd__a32o_2)
                                                         _0147_ (net)
                      0.057273    0.000069    5.289068 v _1749_/A (sky130_fd_sc_hd__xnor2_2)
     1    0.002136    0.040615    0.125665    5.414733 v _1749_/Y (sky130_fd_sc_hd__xnor2_2)
                                                         _0149_ (net)
                      0.040615    0.000004    5.414737 v _1750_/A1 (sky130_fd_sc_hd__mux2_1)
     1    0.001929    0.054670    0.278097    5.692834 v _1750_/X (sky130_fd_sc_hd__mux2_1)
                                                         _0022_ (net)
                      0.054670    0.000003    5.692837 v _2236_/D (sky130_fd_sc_hd__dfxtp_2)
                                              5.692837   data arrival time

                                 10.000000   10.000000   clock clk (rise edge)
                                  0.000000   10.000000   clock source latency
   129    0.354419    0.000000    0.000000   10.000000 ^ clk (in)
                                                         clk (net)
                      0.019527    0.009764   10.009764 ^ _2236_/CLK (sky130_fd_sc_hd__dfxtp_2)
                                  0.000000   10.009764   clock reconvergence pessimism
                                 -0.123062    9.886703   library setup time
                                              9.886703   data required time
---------------------------------------------------------------------------------------------
                                              9.886703   data required time
                                             -5.692837   data arrival time
---------------------------------------------------------------------------------------------
                                              4.193866   slack (MET)




===========================================================================
report_checks --slack_max -0.01
============================================================================
======================= nom_tt_025C_1v80 Corner ===================================

No paths found.


===========================================================================
 report_check_types -max_slew -max_cap -max_fanout -violators
============================================================================
======================= nom_tt_025C_1v80 Corner ===================================

max slew

Pin                                        Limit        Slew       Slack
------------------------------------------------------------------------
_1889_/Y                                1.498388    2.571708   -1.073320 (VIOLATED)
_2033_/S                                1.500000    2.571752   -1.071752 (VIOLATED)
_2035_/S                                1.500000    2.571751   -1.071751 (VIOLATED)
_2040_/S                                1.500000    2.571751   -1.071751 (VIOLATED)
_2127_/S                                1.500000    2.571751   -1.071751 (VIOLATED)
_2136_/S                                1.500000    2.571752   -1.071752 (VIOLATED)
_2147_/S                                1.500000    2.571752   -1.071752 (VIOLATED)
_2041_/S                                1.500000    2.571750   -1.071750 (VIOLATED)
_2132_/S                                1.500000    2.571750   -1.071750 (VIOLATED)
_2142_/S                                1.500000    2.571749   -1.071750 (VIOLATED)
_2152_/S                                1.500000    2.571749   -1.071749 (VIOLATED)
_2117_/S                                1.500000    2.571747   -1.071747 (VIOLATED)
_2047_/S                                1.500000    2.571745   -1.071745 (VIOLATED)
_2032_/S                                1.500000    2.571744   -1.071744 (VIOLATED)
_2036_/S                                1.500000    2.571745   -1.071745 (VIOLATED)
_2052_/S                                1.500000    2.571745   -1.071745 (VIOLATED)
_2057_/S                                1.500000    2.571745   -1.071745 (VIOLATED)
_2122_/S                                1.500000    2.571745   -1.071745 (VIOLATED)
_2062_/S                                1.500000    2.571743   -1.071744 (VIOLATED)
_2067_/S                                1.500000    2.571744   -1.071744 (VIOLATED)
_2072_/S                                1.500000    2.571744   -1.071744 (VIOLATED)
_2097_/S                                1.500000    2.571744   -1.071744 (VIOLATED)
_2077_/S                                1.500000    2.571743   -1.071743 (VIOLATED)
_2112_/S                                1.500000    2.571743   -1.071743 (VIOLATED)
_2082_/S                                1.500000    2.571742   -1.071742 (VIOLATED)
_2087_/S                                1.500000    2.571742   -1.071742 (VIOLATED)
_2092_/S                                1.500000    2.571742   -1.071742 (VIOLATED)
_2107_/S                                1.500000    2.571736   -1.071736 (VIOLATED)
_2102_/S                                1.500000    2.571733   -1.071733 (VIOLATED)
_1890_/S                                1.500000    2.571716   -1.071716 (VIOLATED)
_1977_/S                                1.500000    2.571716   -1.071716 (VIOLATED)
_1997_/S                                1.500000    2.571716   -1.071716 (VIOLATED)
_2002_/S                                1.500000    2.571716   -1.071716 (VIOLATED)
_2012_/S                                1.500000    2.571716   -1.071716 (VIOLATED)
_1895_/S                                1.500000    2.571714   -1.071714 (VIOLATED)
_1952_/S                                1.500000    2.571715   -1.071715 (VIOLATED)
_1972_/S                                1.500000    2.571715   -1.071715 (VIOLATED)
_1982_/S                                1.500000    2.571714   -1.071715 (VIOLATED)
_1896_/S                                1.500000    2.571713   -1.071713 (VIOLATED)
_1957_/S                                1.500000    2.571714   -1.071714 (VIOLATED)
_1891_/S                                1.500000    2.571712   -1.071712 (VIOLATED)
_1900_/S                                1.500000    2.571712   -1.071712 (VIOLATED)
_1902_/S                                1.500000    2.571711   -1.071711 (VIOLATED)
_1907_/S                                1.500000    2.571711   -1.071711 (VIOLATED)
_1942_/S                                1.500000    2.571712   -1.071712 (VIOLATED)
_1947_/S                                1.500000    2.571712   -1.071712 (VIOLATED)
_1962_/S                                1.500000    2.571713   -1.071713 (VIOLATED)
_1967_/S                                1.500000    2.571714   -1.071714 (VIOLATED)
_1987_/S                                1.500000    2.571712   -1.071712 (VIOLATED)
_1992_/S                                1.500000    2.571712   -1.071712 (VIOLATED)
_2007_/S                                1.500000    2.571712   -1.071712 (VIOLATED)
_1912_/S                                1.500000    2.571708   -1.071708 (VIOLATED)
_1917_/S                                1.500000    2.571708   -1.071708 (VIOLATED)
_1922_/S                                1.500000    2.571708   -1.071708 (VIOLATED)
_1927_/S                                1.500000    2.571708   -1.071708 (VIOLATED)
_1932_/S                                1.500000    2.571708   -1.071708 (VIOLATED)
_1937_/S                                1.500000    2.571708   -1.071708 (VIOLATED)
_1115_/Y                                1.498388    2.136106   -0.637718 (VIOLATED)
_1383_/S                                1.500000    2.136181   -0.636181 (VIOLATED)
_1812_/S                                1.500000    2.136181   -0.636181 (VIOLATED)
_1751_/S                                1.500000    2.136179   -0.636179 (VIOLATED)
_1681_/S                                1.500000    2.136177   -0.636177 (VIOLATED)
_1776_/S                                1.500000    2.136178   -0.636178 (VIOLATED)
_1748_/S                                1.500000    2.136175   -0.636175 (VIOLATED)
_1707_/S                                1.500000    2.136173   -0.636174 (VIOLATED)
_1620_/S                                1.500000    2.136170   -0.636170 (VIOLATED)
_1637_/S                                1.500000    2.136167   -0.636167 (VIOLATED)
_1564_/S                                1.500000    2.136163   -0.636163 (VIOLATED)
_1548_/S                                1.500000    2.136159   -0.636159 (VIOLATED)
_1116_/S                                1.500000    2.136153   -0.636153 (VIOLATED)
_1357_/S                                1.500000    2.136153   -0.636153 (VIOLATED)
_1581_/S                                1.500000    2.136150   -0.636150 (VIOLATED)
_1596_/S                                1.500000    2.136129   -0.636129 (VIOLATED)
_1330_/S                                1.500000    2.136125   -0.636125 (VIOLATED)
_1399_/S                                1.500000    2.136118   -0.636119 (VIOLATED)
_1447_/S                                1.500000    2.136115   -0.636115 (VIOLATED)
_1613_/S                                1.500000    2.136111   -0.636111 (VIOLATED)
_1281_/S                                1.500000    2.136109   -0.636109 (VIOLATED)
_1317_/S                                1.500000    2.136109   -0.636109 (VIOLATED)
_1724_/S                                1.500000    2.136109   -0.636109 (VIOLATED)
_1800_/S                                1.500000    2.136109   -0.636109 (VIOLATED)
_1177_/S                                1.500000    2.136106   -0.636106 (VIOLATED)
_1180_/S                                1.500000    2.136106   -0.636106 (VIOLATED)
_1189_/S                                1.500000    2.136106   -0.636106 (VIOLATED)
_1246_/S                                1.500000    2.136106   -0.636106 (VIOLATED)
_1249_/S                                1.500000    2.136106   -0.636106 (VIOLATED)
_1308_/S                                1.500000    2.136106   -0.636106 (VIOLATED)
_1407_/S                                1.500000    2.136106   -0.636106 (VIOLATED)
_1450_/S                                1.500000    2.136106   -0.636106 (VIOLATED)
_1498_/S                                1.500000    2.136106   -0.636106 (VIOLATED)
_1516_/S                                1.500000    2.136106   -0.636106 (VIOLATED)
_1657_/S                                1.500000    2.136106   -0.636106 (VIOLATED)
_1668_/S                                1.500000    2.136106   -0.636106 (VIOLATED)
_1692_/S                                1.500000    2.136106   -0.636106 (VIOLATED)
_1735_/S                                1.500000    2.136106   -0.636106 (VIOLATED)
_1773_/S                                1.500000    2.136106   -0.636106 (VIOLATED)
_1820_/S                                1.500000    2.136106   -0.636106 (VIOLATED)
_1833_/S                                1.500000    2.136106   -0.636106 (VIOLATED)
_1845_/S                                1.500000    2.136106   -0.636106 (VIOLATED)
_1860_/S                                1.500000    2.136106   -0.636106 (VIOLATED)
_1867_/S                                1.500000    2.136106   -0.636106 (VIOLATED)
_1111_/Y                                1.491871    1.775753   -0.283882 (VIOLATED)
_1132_/A1                               1.500000    1.775773   -0.275773 (VIOLATED)
_1138_/A1                               1.500000    1.775773   -0.275773 (VIOLATED)
_1145_/A1                               1.500000    1.775773   -0.275773 (VIOLATED)
_1183_/A1                               1.500000    1.775772   -0.275772 (VIOLATED)
_1184_/B                                1.500000    1.775771   -0.275771 (VIOLATED)
_1413_/A1                               1.500000    1.775771   -0.275771 (VIOLATED)
_1200_/A1                               1.500000    1.775767   -0.275768 (VIOLATED)
_1206_/A1                               1.500000    1.775767   -0.275767 (VIOLATED)
_1207_/B                                1.500000    1.775766   -0.275766 (VIOLATED)
_1192_/A1                               1.500000    1.775766   -0.275766 (VIOLATED)
_1466_/A1                               1.500000    1.775763   -0.275763 (VIOLATED)
_1373_/A1                               1.500000    1.775760   -0.275760 (VIOLATED)
_1125_/A1                               1.500000    1.775755   -0.275755 (VIOLATED)
_1320_/A1                               1.500000    1.775755   -0.275755 (VIOLATED)
_1119_/A1                               1.500000    1.775753   -0.275753 (VIOLATED)
_1126_/B                                1.500000    1.775753   -0.275753 (VIOLATED)
_1252_/A1                               1.500000    1.775753   -0.275753 (VIOLATED)
_1253_/B                                1.500000    1.775753   -0.275753 (VIOLATED)
_1259_/A1                               1.500000    1.775753   -0.275753 (VIOLATED)
_1267_/A1                               1.500000    1.775753   -0.275753 (VIOLATED)
_1283_/A1                               1.500000    1.775753   -0.275753 (VIOLATED)
_1312_/A1                               1.500000    1.775753   -0.275753 (VIOLATED)
_1455_/A1                               1.500000    1.775753   -0.275753 (VIOLATED)
_1456_/B                                1.500000    1.775753   -0.275753 (VIOLATED)
_1461_/A1                               1.500000    1.775753   -0.275753 (VIOLATED)
_1503_/A1                               1.500000    1.775753   -0.275753 (VIOLATED)

max fanout

Pin                                   Limit Fanout  Slack
---------------------------------------------------------
clk                                      10    129   -119 (VIOLATED)
_1108_/X                                 10     64    -54 (VIOLATED)
_2247_/Q                                 10     61    -51 (VIOLATED)
_1888_/Y                                 10     56    -46 (VIOLATED)
_1889_/Y                                 10     56    -46 (VIOLATED)
_1893_/X                                 10     56    -46 (VIOLATED)
_1894_/X                                 10     56    -46 (VIOLATED)
_1115_/Y                                 10     43    -33 (VIOLATED)
_1111_/Y                                 10     26    -16 (VIOLATED)
_1114_/Y                                 10     26    -16 (VIOLATED)
_1112_/X                                 10     18     -8 (VIOLATED)
_1113_/X                                 10     17     -7 (VIOLATED)
_1107_/Y                                 10     14     -4 (VIOLATED)
_1250_/X                                 10     14     -4 (VIOLATED)
_1406_/Y                                 10     14     -4 (VIOLATED)
_1319_/Y                                 10     13     -3 (VIOLATED)
_1412_/Y                                 10     13     -3 (VIOLATED)
_1368_/Y                                 10     12     -2 (VIOLATED)
_1384_/X                                 10     12     -2 (VIOLATED)
_1514_/Y                                 10     12     -2 (VIOLATED)

max capacitance

Pin                                        Limit         Cap       Slack
------------------------------------------------------------------------
_1889_/Y                                0.141917    0.249921   -0.108004 (VIOLATED)
_1115_/Y                                0.141917    0.207220   -0.065303 (VIOLATED)
_1111_/Y                                0.092478    0.113575   -0.021097 (VIOLATED)



===========================================================================
report_parasitic_annotation -report_unannotated
============================================================================
Found 8 unannotated drivers.
 des_key_in[0]
 des_key_in[16]
 des_key_in[24]
 des_key_in[32]
 des_key_in[40]
 des_key_in[48]
 des_key_in[56]
 des_key_in[8]
Found 0 partially unannotated drivers.

===========================================================================
max slew violation count 128
Writing metric design__max_slew_violation__count__corner:nom_tt_025C_1v80: 128
max fanout violation count 20
Writing metric design__max_fanout_violation__count__corner:nom_tt_025C_1v80: 20
max cap violation count 3
Writing metric design__max_cap_violation__count__corner:nom_tt_025C_1v80: 3
============================================================================

===========================================================================
check_setup -verbose -unconstrained_endpoints -multiple_clock -no_clock -no_input_delay -loops -generated_clocks
===========================================================================
