Clock: clk
Sources: clk 
Generated: no
Virtual: yes
Propagated: no
Period: 10.000000

===========================================================================
report_clock_properties
============================================================================
Clock                   Period          Waveform
----------------------------------------------------
clk                  10.000000    0.000000  5.000000

===========================================================================
report_clock_latency
============================================================================
Clock clk
rise -> rise
    min     max
0.000000 0.000000 source latency
0.267993         network latency _2311_/CLK
        0.286984 network latency _2233_/CLK
---------------
0.267993 0.286984 latency
        0.018991 skew

fall -> fall
    min     max
0.000000 0.000000 source latency
0.258579         network latency _2311_/CLK
        0.275333 network latency _2233_/CLK
---------------
0.258579 0.275333 latency
        0.016753 skew



===========================================================================
report_clock_min_period
============================================================================
clk period_min = 2.93 fmax = 341.79
