
===========================================================================
 report_power
============================================================================
======================= max_ff_n40C_1v95 Corner ===================================

Group                    Internal    Switching      Leakage        Total
                            Power        Power        Power        Power (Watts)
------------------------------------------------------------------------
Sequential           9.957968e-04 4.116799e-04 1.967239e-09 1.407479e-03  12.6%
Combinational        3.853013e-03 5.177531e-03 8.395014e-09 9.030552e-03  81.0%
Clock                4.200913e-04 2.901695e-04 4.206557e-09 7.102650e-04   6.4%
Macro                0.000000e+00 0.000000e+00 0.000000e+00 0.000000e+00   0.0%
Pad                  0.000000e+00 0.000000e+00 0.000000e+00 0.000000e+00   0.0%
------------------------------------------------------------------------
Total                5.268902e-03 5.879379e-03 1.456874e-08 1.114830e-02 100.0%
                            47.3%        52.7%         0.0%

