
===========================================================================
 report_power
============================================================================
======================= min_ff_n40C_1v95 Corner ===================================

Group                    Internal    Switching      Leakage        Total
                            Power        Power        Power        Power (Watts)
------------------------------------------------------------------------
Sequential           9.963062e-04 3.829993e-04 1.967239e-09 1.379307e-03  12.8%
Combinational        3.845554e-03 4.827349e-03 8.395014e-09 8.672912e-03  80.8%
Clock                4.201793e-04 2.669361e-04 4.206557e-09 6.871197e-04   6.4%
Macro                0.000000e+00 0.000000e+00 0.000000e+00 0.000000e+00   0.0%
Pad                  0.000000e+00 0.000000e+00 0.000000e+00 0.000000e+00   0.0%
------------------------------------------------------------------------
Total                5.262034e-03 5.477285e-03 1.456874e-08 1.073933e-02 100.0%
                            49.0%        51.0%         0.0%

