
===========================================================================
 report_power
============================================================================
======================= nom_tt_025C_1v80 Corner ===================================

Group                    Internal    Switching      Leakage        Total
                            Power        Power        Power        Power (Watts)
------------------------------------------------------------------------
Sequential           9.270864e-04 7.023684e-04 1.108572e-09 1.629456e-03  19.7%
Combinational        3.956336e-03 2.680657e-03 4.293143e-09 6.636997e-03  80.3%
Clock                0.000000e+00 0.000000e+00 0.000000e+00 0.000000e+00   0.0%
Macro                0.000000e+00 0.000000e+00 0.000000e+00 0.000000e+00   0.0%
Pad                  0.000000e+00 0.000000e+00 0.000000e+00 0.000000e+00   0.0%
------------------------------------------------------------------------
Total                4.883417e-03 3.383023e-03 5.401721e-09 8.266446e-03 100.0%
                            59.1%        40.9%         0.0%

