┏━━━━━━━━━━━━━━━━━━━━━━┳━━━━━━━━━━┳━━━━━━━━━━┳━━━━━━━━━━┳━━━━━━━━━━┳━━━━━━━━━━━┳━━━━━━━━━━┳━━━━━━━━━━━┳━━━━━━━━━━┳━━━━━━━━━━━┳━━━━━━━━━━┳━━━━━━━━━━━┳━━━━━━━━━━┓
┃                      ┃ Hold     ┃ Reg to   ┃          ┃          ┃ of which  ┃ Setup    ┃           ┃          ┃           ┃ of which ┃           ┃          ┃
┃                      ┃ Worst    ┃ Reg      ┃          ┃ Hold Vio ┃ reg to    ┃ Worst    ┃ Reg to    ┃ Setup    ┃ Setup Vio ┃ reg to   ┃ Max Cap   ┃ Max Slew ┃
┃ Corner/Group         ┃ Slack    ┃ Paths    ┃ Hold TNS ┃ Count    ┃ reg       ┃ Slack    ┃ Reg Paths ┃ TNS      ┃ Count     ┃ reg      ┃ Violatio… ┃ Violati… ┃
┡━━━━━━━━━━━━━━━━━━━━━━╇━━━━━━━━━━╇━━━━━━━━━━╇━━━━━━━━━━╇━━━━━━━━━━╇━━━━━━━━━━━╇━━━━━━━━━━╇━━━━━━━━━━━╇━━━━━━━━━━╇━━━━━━━━━━━╇━━━━━━━━━━╇━━━━━━━━━━━╇━━━━━━━━━━┩
│ Overall              │ 0.2607   │ 0.2607   │ 0.0000   │ 0        │ 0         │ -0.4202  │ -0.4202   │ -0.8224  │ 3         │ 3        │ 6         │ 250      │
│ nom_tt_025C_1v80     │ 0.4224   │ 0.4224   │ 0.0000   │ 0        │ 0         │ 4.5927   │ 5.0244    │ 0.0000   │ 0         │ 0        │ 2         │ 101      │
│ nom_ss_100C_1v60     │ 0.8586   │ 0.8586   │ 0.0000   │ 0        │ 0         │ -0.4202  │ -0.4202   │ -0.8224  │ 3         │ 3        │ 6         │ 250      │
│ nom_ff_n40C_1v95     │ 0.2607   │ 0.2607   │ 0.0000   │ 0        │ 0         │ 6.0283   │ 8.9693    │ 0.0000   │ 0         │ 0        │ 1         │ 57       │
└──────────────────────┴──────────┴──────────┴──────────┴──────────┴───────────┴──────────┴───────────┴──────────┴───────────┴──────────┴───────────┴──────────┘
