
===========================================================================
 report_power
============================================================================
======================= min_tt_025C_1v80 Corner ===================================

Group                    Internal    Switching      Leakage        Total
                            Power        Power        Power        Power (Watts)
------------------------------------------------------------------------
Sequential           8.664870e-04 3.224016e-04 1.115591e-09 1.188890e-03  12.7%
Combinational        3.534404e-03 4.065828e-03 4.980924e-09 7.600238e-03  81.0%
Clock                3.683110e-04 2.241729e-04 2.761959e-09 5.924865e-04   6.3%
Macro                0.000000e+00 0.000000e+00 0.000000e+00 0.000000e+00   0.0%
Pad                  0.000000e+00 0.000000e+00 0.000000e+00 0.000000e+00   0.0%
------------------------------------------------------------------------
Total                4.769200e-03 4.612406e-03 8.858558e-09 9.381615e-03 100.0%
                            50.8%        49.2%         0.0%

