
===========================================================================
 report_power
============================================================================
======================= max_ss_100C_1v60 Corner ===================================

Group                    Internal    Switching      Leakage        Total
                            Power        Power        Power        Power (Watts)
------------------------------------------------------------------------
Sequential           6.809447e-04 2.718545e-04 1.946699e-06 9.547459e-04  12.4%
Combinational        2.856667e-03 3.419831e-03 6.971432e-06 6.283469e-03  81.3%
Clock                3.024170e-04 1.873999e-04 4.036000e-07 4.902205e-04   6.3%
Macro                0.000000e+00 0.000000e+00 0.000000e+00 0.000000e+00   0.0%
Pad                  0.000000e+00 0.000000e+00 0.000000e+00 0.000000e+00   0.0%
------------------------------------------------------------------------
Total                3.840029e-03 3.879086e-03 9.321738e-06 7.728437e-03 100.0%
                            49.7%        50.2%         0.1%

