Clock: clk
Sources: clk 
Generated: no
Virtual: yes
Propagated: no
Period: 10.000000

===========================================================================
report_clock_properties
============================================================================
Clock                   Period          Waveform
----------------------------------------------------
clk                  10.000000    0.000000  5.000000

===========================================================================
report_clock_latency
============================================================================
Clock clk
rise -> rise
    min     max
0.000000 0.000000 source latency
0.627074         network latency _2316_/CLK
        0.647993 network latency _2242_/CLK
---------------
0.627074 0.647993 latency
        0.020919 skew

fall -> fall
    min     max
0.000000 0.000000 source latency
0.615620         network latency _2316_/CLK
        0.633285 network latency _2255_/CLK
---------------
0.615620 0.633285 latency
        0.017665 skew



===========================================================================
report_clock_min_period
============================================================================
clk period_min = 9.23 fmax = 108.34
